<?xml version="1.0" encoding="utf-8"?><testsuites><testsuite name="pytest" errors="5" failures="0" skipped="0" tests="5" time="0.406" timestamp="2025-09-29T14:54:15.697463" hostname="DESKTOP-N5L7IR5"><testcase classname="" name="tests.test_api_businesses" time="0.000"><error message="collection failure">'security' not found in `markers` configuration option</error></testcase><testcase classname="" name="tests.test_api_health" time="0.000"><error message="collection failure">'api' not found in `markers` configuration option</error></testcase><testcase classname="" name="tests.test_database" time="0.000"><error message="collection failure">'database' not found in `markers` configuration option</error></testcase><testcase classname="" name="tests.test_integration" time="0.000"><error message="collection failure">'performance' not found in `markers` configuration option</error></testcase><testcase classname="" name="tests.test_performance" time="0.000"><error message="collection failure">'performance' not found in `markers` configuration option</error></testcase></testsuite></testsuites>