<?xml version="1.0" encoding="utf-8"?><testsuites><testsuite name="pytest" errors="0" failures="0" skipped="0" tests="0" time="0.123" timestamp="2025-09-28T20:26:12.078037" hostname="DESKTOP-N5L7IR5" /></testsuites>